<?xml version="1.0" encoding="utf-8"?><testsuites name="pytest tests"><testsuite name="pytest" errors="0" failures="0" skipped="0" tests="32" time="18.557" timestamp="2025-12-05T13:34:04.998188-05:00" hostname="KvnPrd"><testcase classname="tests.unit.services.test_deportista_service_coverage.TestDeportistaServiceCoverage" name="test_procesar_fecha_nacimiento_tipo_invalido" time="0.483" /><testcase classname="tests.unit.services.test_deportista_service_coverage.TestDeportistaServiceCoverage" name="test_crear_deportista_exception_generica" time="0.024" /><testcase classname="tests.unit.services.test_deportista_service_coverage.TestDeportistaServiceCoverage" name="test_listar_deportistas_sin_usuario" time="1.820" /><testcase classname="tests.unit.services.test_deportista_service_coverage.TestDeportistaServiceCoverage" name="test_extraer_roles_usuario_con_objeto_rol" time="0.008" /><testcase classname="tests.unit.services.test_deportista_service_coverage.TestDeportistaServiceCoverage" name="test_validar_id_tipo_sanguineo_none" time="0.007" /><testcase classname="tests.unit.services.test_deportista_service_coverage.TestDeportistaServiceCoverage" name="test_validar_id_tipo_sanguineo_no_existe" time="0.330" /><testcase classname="tests.unit.services.test_deportista_service_coverage.TestDeportistaServiceCoverage" name="test_validar_id_ciudad_residencia_none" time="0.011" /><testcase classname="tests.unit.services.test_deportista_service_coverage.TestDeportistaServiceCoverage" name="test_validar_id_ciudad_residencia_no_existe" time="0.388" /><testcase classname="tests.unit.services.test_deportista_service_coverage.TestDeportistaServiceCoverage" name="test_validar_id_ciudad_residencia_success" time="0.298" /><testcase classname="tests.unit.services.test_deportista_service_coverage.TestDeportistaServiceCoverage" name="test_validar_id_eps_none" time="0.010" /><testcase classname="tests.unit.services.test_deportista_service_coverage.TestDeportistaServiceCoverage" name="test_validar_id_eps_no_existe" time="0.299" /><testcase classname="tests.unit.services.test_deportista_service_coverage.TestDeportistaServiceCoverage" name="test_validar_ids_deportista_error_categoria" time="0.010" /><testcase classname="tests.unit.services.test_deportista_service_coverage.TestDeportistaServiceCoverage" name="test_validar_ids_deportista_error_tipo_sanguineo" time="0.006" /><testcase classname="tests.unit.services.test_deportista_service_coverage.TestDeportistaServiceCoverage" name="test_validar_ids_deportista_error_ciudad" time="0.016" /><testcase classname="tests.unit.services.test_deportista_service_coverage.TestDeportistaServiceCoverage" name="test_validar_ids_deportista_error_eps" time="0.011" /><testcase classname="tests.unit.services.test_deportista_service_coverage.TestDeportistaServiceCoverage" name="test_procesar_campo_fecha_error_conversion" time="0.012" /><testcase classname="tests.unit.services.test_deportista_service_coverage.TestDeportistaServiceCoverage" name="test_procesar_campo_fecha_error_edad" time="0.008" /><testcase classname="tests.unit.services.test_deportista_service_coverage.TestDeportistaServiceCoverage" name="test_obtener_o_crear_info_deportiva_con_recomendacion" time="0.014" /><testcase classname="tests.unit.services.test_deportista_service_coverage.TestDeportistaServiceCoverage" name="test_validar_ids_info_deportiva_error_deporte" time="0.009" /><testcase classname="tests.unit.services.test_deportista_service_coverage.TestDeportistaServiceCoverage" name="test_validar_ids_info_deportiva_error_institucion" time="0.008" /><testcase classname="tests.unit.services.test_deportista_service_coverage.TestDeportistaServiceCoverage" name="test_actualizar_info_deportiva_descripcion_sin_recomendacion" time="0.007" /><testcase classname="tests.unit.services.test_deportista_service_coverage.TestDeportistaServiceCoverage" name="test_actualizar_diagnosticos_tipo_none_y_diagnosticos_vacio" time="0.006" /><testcase classname="tests.unit.services.test_deportista_service_coverage.TestDeportistaServiceCoverage" name="test_actualizar_diagnosticos_lista_vacia" time="0.164" /><testcase classname="tests.unit.services.test_deportista_service_coverage.TestDeportistaServiceCoverage" name="test_actualizar_diagnosticos_con_validacion_error" time="0.295" /><testcase classname="tests.unit.services.test_deportista_service_coverage.TestDeportistaServiceCoverage" name="test_actualizar_deportista_exception_generica" time="0.291" /><testcase classname="tests.unit.services.test_deportista_service_coverage.TestDeportistaServiceCoverage" name="test_actualizar_diagnosticos_con_tipo_enfermedad" time="0.282" /><testcase classname="tests.unit.services.test_deportista_service_coverage.TestDeportistaServiceCoverage" name="test_procesar_actualizacion_info_deportiva_con_id_informacion" time="0.354" /><testcase classname="tests.unit.services.test_deportista_service_coverage.TestDeportistaServiceCoverage" name="test_ejecutar_actualizaciones_error_info" time="0.289" /><testcase classname="tests.unit.services.test_deportista_service_coverage.TestDeportistaServiceCoverage" name="test_actualizar_deportista_completo_exception_generica" time="0.353" /><testcase classname="tests.unit.services.test_deportista_service_coverage.TestDeportistaServiceCoverage" name="test_actualizar_deportista_completo_integrity_error" time="0.239" /><testcase classname="tests.unit.services.test_deportista_service_coverage.TestDeportistaServiceCoverage" name="test_obtener_deportista_exception" time="0.318" /><testcase classname="tests.unit.services.test_deportista_service_coverage.TestDeportistaServiceCoverage" name="test_listar_deportistas_exception" time="0.337" /></testsuite></testsuites>